current directory: /Users/snaseem/Documents/Projects/react-native-messaging-in-app/example/vendor/bundle/ruby/2.7.0/gems/json-2.12.2/ext/json/ext/parser
/Users/snaseem/.rbenv/versions/2.7.8/bin/ruby -I /Users/snaseem/.rbenv/versions/2.7.8/lib/ruby/2.7.0 -r ./siteconf20250702-30846-ojwkpt.rb extconf.rb
checking for rb_enc_interned_str() in ruby.h... no
checking for rb_hash_new_capa() in ruby.h... no
checking for rb_hash_bulk_insert() in ruby.h... yes
checking for strnlen() in string.h... yes
checking for whether -std=c99 is accepted as CFLAGS... yes
creating Makefile

current directory: /Users/snaseem/Documents/Projects/react-native-messaging-in-app/example/vendor/bundle/ruby/2.7.0/gems/json-2.12.2/ext/json/ext/parser
make "DESTDIR=" clean

current directory: /Users/snaseem/Documents/Projects/react-native-messaging-in-app/example/vendor/bundle/ruby/2.7.0/gems/json-2.12.2/ext/json/ext/parser
make "DESTDIR="
compiling parser.c
parser.c:1139:1: warning: non-void function does not return a value in all control paths [-Wreturn-type]
 1139 | }
      | ^
1 warning generated.
linking shared-object json/ext/parser.bundle
ld: warning: -multiply_defined is obsolete
ld: warning: ignoring duplicate libraries: '-lruby.2.7'

current directory: /Users/snaseem/Documents/Projects/react-native-messaging-in-app/example/vendor/bundle/ruby/2.7.0/gems/json-2.12.2/ext/json/ext/parser
make "DESTDIR=" install
/opt/homebrew/bin/ginstall -c -m 0755 parser.bundle ./.gem.20250702-30846-j6u6io/json/ext
